// Vitest Snapshot v1, https://vitest.dev/guide/snapshot.html

exports[`PlayQueue > should render 1`] = `
<div>
  <div
    class=""
  >
    <div
      class="h-[calc(100vh-113px)] w-full md:w-[370px]"
    >
      <div
        class="flex flex-row"
      >
        <div
          class="text-sm ml-4 mr-4 pt-5 mb-5 flex-1"
        >
          Play Queue
        </div>
        <div
          class="text-sm ml-4 mr-4 pt-5 mb-5 flex-1"
          style="font-size: 14px; color: rgb(97, 97, 97); text-align: center;"
        >
          1
            /  
          4
        </div>
        <div
          class="text-sm ml-4 mr-4 pt-5 mb-5 flex-1 text-primary text-right cursor-pointer select-none"
        >
          History
        </div>
      </div>
      <div
        class="h-[calc(100%-59.5px)] overflow-y-auto overflow-x-hidden"
      >
        <div
          style="height: 192px; width: 100%; position: relative;"
        />
      </div>
    </div>
  </div>
  <div
    class=""
  />
</div>
`;
